t-005 [Manual Review] chapter-1.xhtml Dialog without ending comma.
        ello” he said
