y-032 [Manual Review] chapter-1.xhtml Possible typo: italics running into 
preceding or following characters.
        <i epub:type="se:name.publication.play">Hamlet</i>
        <i epub:type="se:name.publication.book">Threatful Flood</i>
